2026-08-12 12:57:40.979: [INFO] CurrentProfilePath: D:\Dev Para jogos\Scrap mechanic\dist\ScrapMap-RealTerrain\ScrapMap.RealTerrain.exe.WebView2\EBWebView\Default
2026-08-12 12:57:40.979: [INFO] Profiles total count: 1
2026-08-12 12:57:40.979: [INFO] Profile: name=Perfil 1 path=D:\Dev Para jogos\Scrap mechanic\dist\ScrapMap-RealTerrain\ScrapMap.RealTerrain.exe.WebView2\EBWebView\Default lastActive=null
2026-08-12 12:57:40.979: [INFO] LastUsedProfileDir: D:\Dev Para jogos\Scrap mechanic\dist\ScrapMap-RealTerrain\ScrapMap.RealTerrain.exe.WebView2\EBWebView\Default
2026-08-12 12:57:40.979: [INFO] OnDoneLoading sync enabled: 0
2026-08-12 12:57:40.979: [INFO] BookmarkModelLoaded, ids_reassigned: 0
2026-08-12 12:57:40.979: [INFO] BookmarksLoadDropped droppedNodes=0
2026-08-12 12:57:40.979: [INFO] BookmarksSnapshot Startup total=0 bar=0 other=0 mobile=0 showBar=0 showBarNTP=1
2026-08-12 12:58:43.666: [INFO] BookmarksSnapshot Shutdown total=0 bar=0 other=0 mobile=0 showBar=0 showBarNTP=1
2026-08-12 12:58:58.879: [INFO] CurrentProfilePath: D:\Dev Para jogos\Scrap mechanic\dist\ScrapMap-RealTerrain\ScrapMap.RealTerrain.exe.WebView2\EBWebView\Default
2026-08-12 12:58:58.879: [INFO] Profiles total count: 1
2026-08-12 12:58:58.879: [INFO] Profile: name=Perfil 1 path=D:\Dev Para jogos\Scrap mechanic\dist\ScrapMap-RealTerrain\ScrapMap.RealTerrain.exe.WebView2\EBWebView\Default lastActive=null
2026-08-12 12:58:58.879: [INFO] LastUsedProfileDir: D:\Dev Para jogos\Scrap mechanic\dist\ScrapMap-RealTerrain\ScrapMap.RealTerrain.exe.WebView2\EBWebView\Default
2026-08-12 12:58:58.879: [INFO] OnDoneLoading sync enabled: 0
2026-08-12 12:58:58.879: [INFO] BookmarkModelLoaded, ids_reassigned: 0
2026-08-12 12:58:58.879: [INFO] BookmarksLoadDropped droppedNodes=0
2026-08-12 12:58:58.879: [INFO] BookmarksSnapshot Startup total=0 bar=0 other=0 mobile=0 showBar=0 showBarNTP=1
2026-08-12 13:01:43.974: [INFO] BookmarksSnapshot Shutdown total=0 bar=0 other=0 mobile=0 showBar=0 showBarNTP=1
2026-08-12 13:01:54.840: [INFO] CurrentProfilePath: D:\Dev Para jogos\Scrap mechanic\dist\ScrapMap-RealTerrain\ScrapMap.RealTerrain.exe.WebView2\EBWebView\Default
2026-08-12 13:01:54.840: [INFO] Profiles total count: 1
2026-08-12 13:01:54.840: [INFO] Profile: name=Perfil 1 path=D:\Dev Para jogos\Scrap mechanic\dist\ScrapMap-RealTerrain\ScrapMap.RealTerrain.exe.WebView2\EBWebView\Default lastActive=2026-08-12T13:00:12.814Z
2026-08-12 13:01:54.840: [INFO] LastUsedProfileDir: D:\Dev Para jogos\Scrap mechanic\dist\ScrapMap-RealTerrain\ScrapMap.RealTerrain.exe.WebView2\EBWebView\Default
2026-08-12 13:01:54.840: [INFO] MostRecentlyActiveProfile: name=Perfil 1 path=D:\Dev Para jogos\Scrap mechanic\dist\ScrapMap-RealTerrain\ScrapMap.RealTerrain.exe.WebView2\EBWebView\Default lastActive=2026-08-12T13:00:12.814Z
2026-08-12 13:01:54.840: [INFO] OnDoneLoading sync enabled: 0
2026-08-12 13:01:54.840: [INFO] BookmarkModelLoaded, ids_reassigned: 0
2026-08-12 13:01:54.840: [INFO] BookmarksLoadDropped droppedNodes=0
2026-08-12 13:01:54.841: [INFO] BookmarksSnapshot Startup total=0 bar=0 other=0 mobile=0 showBar=0 showBarNTP=1
2026-08-12 13:03:16.337: [INFO] BookmarksSnapshot Shutdown total=0 bar=0 other=0 mobile=0 showBar=0 showBarNTP=1
2026-08-12 13:07:23.384: [INFO] CurrentProfilePath: D:\Dev Para jogos\Scrap mechanic\dist\ScrapMap-RealTerrain\ScrapMap.RealTerrain.exe.WebView2\EBWebView\Default
2026-08-12 13:07:23.384: [INFO] Profiles total count: 1
2026-08-12 13:07:23.384: [INFO] Profile: name=Perfil 1 path=D:\Dev Para jogos\Scrap mechanic\dist\ScrapMap-RealTerrain\ScrapMap.RealTerrain.exe.WebView2\EBWebView\Default lastActive=2026-08-12T13:03:12.092Z
2026-08-12 13:07:23.384: [INFO] LastUsedProfileDir: D:\Dev Para jogos\Scrap mechanic\dist\ScrapMap-RealTerrain\ScrapMap.RealTerrain.exe.WebView2\EBWebView\Default
2026-08-12 13:07:23.384: [INFO] MostRecentlyActiveProfile: name=Perfil 1 path=D:\Dev Para jogos\Scrap mechanic\dist\ScrapMap-RealTerrain\ScrapMap.RealTerrain.exe.WebView2\EBWebView\Default lastActive=2026-08-12T13:03:12.092Z
2026-08-12 13:07:23.384: [INFO] OnDoneLoading sync enabled: 0
2026-08-12 13:07:23.384: [INFO] BookmarkModelLoaded, ids_reassigned: 0
2026-08-12 13:07:23.384: [INFO] BookmarksLoadDropped droppedNodes=0
2026-08-12 13:07:23.384: [INFO] BookmarksSnapshot Startup total=0 bar=0 other=0 mobile=0 showBar=0 showBarNTP=1
2026-08-12 13:09:10.042: [INFO] BookmarksSnapshot Shutdown total=0 bar=0 other=0 mobile=0 showBar=0 showBarNTP=1
