2026-08-12 13:51:38.461: [INFO] CurrentProfilePath: D:\Dev Para jogos\Scrap mechanic\dist\ScrapMap-SafeRefresh\ScrapMap.SafeRefresh.exe.WebView2\EBWebView\Default
2026-08-12 13:51:38.461: [INFO] Profiles total count: 1
2026-08-12 13:51:38.461: [INFO] Profile: name=Perfil 1 path=D:\Dev Para jogos\Scrap mechanic\dist\ScrapMap-SafeRefresh\ScrapMap.SafeRefresh.exe.WebView2\EBWebView\Default lastActive=null
2026-08-12 13:51:38.461: [INFO] LastUsedProfileDir: D:\Dev Para jogos\Scrap mechanic\dist\ScrapMap-SafeRefresh\ScrapMap.SafeRefresh.exe.WebView2\EBWebView\Default
2026-08-12 13:51:38.461: [INFO] OnDoneLoading sync enabled: 0
2026-08-12 13:51:38.461: [INFO] BookmarkModelLoaded, ids_reassigned: 0
2026-08-12 13:51:38.461: [INFO] BookmarksLoadDropped droppedNodes=0
2026-08-12 13:51:38.461: [INFO] BookmarksSnapshot Startup total=0 bar=0 other=0 mobile=0 showBar=0 showBarNTP=1
2026-08-12 13:54:12.657: [INFO] BookmarksSnapshot Shutdown total=0 bar=0 other=0 mobile=0 showBar=0 showBarNTP=1
2026-08-12 13:54:32.476: [INFO] CurrentProfilePath: D:\Dev Para jogos\Scrap mechanic\dist\ScrapMap-SafeRefresh\ScrapMap.SafeRefresh.exe.WebView2\EBWebView\Default
2026-08-12 13:54:32.476: [INFO] Profiles total count: 1
2026-08-12 13:54:32.476: [INFO] Profile: name=Perfil 1 path=D:\Dev Para jogos\Scrap mechanic\dist\ScrapMap-SafeRefresh\ScrapMap.SafeRefresh.exe.WebView2\EBWebView\Default lastActive=null
2026-08-12 13:54:32.476: [INFO] LastUsedProfileDir: D:\Dev Para jogos\Scrap mechanic\dist\ScrapMap-SafeRefresh\ScrapMap.SafeRefresh.exe.WebView2\EBWebView\Default
2026-08-12 13:54:32.476: [INFO] OnDoneLoading sync enabled: 0
2026-08-12 13:54:32.476: [INFO] BookmarkModelLoaded, ids_reassigned: 0
2026-08-12 13:54:32.476: [INFO] BookmarksLoadDropped droppedNodes=0
2026-08-12 13:54:32.476: [INFO] BookmarksSnapshot Startup total=0 bar=0 other=0 mobile=0 showBar=0 showBarNTP=1
2026-08-12 13:55:35.341: [INFO] BookmarksSnapshot Shutdown total=0 bar=0 other=0 mobile=0 showBar=0 showBarNTP=1
2026-08-12 13:57:24.114: [INFO] CurrentProfilePath: D:\Dev Para jogos\Scrap mechanic\dist\ScrapMap-SafeRefresh\ScrapMap.SafeRefresh.exe.WebView2\EBWebView\Default
2026-08-12 13:57:24.114: [INFO] Profiles total count: 1
2026-08-12 13:57:24.114: [INFO] Profile: name=Perfil 1 path=D:\Dev Para jogos\Scrap mechanic\dist\ScrapMap-SafeRefresh\ScrapMap.SafeRefresh.exe.WebView2\EBWebView\Default lastActive=null
2026-08-12 13:57:24.114: [INFO] LastUsedProfileDir: D:\Dev Para jogos\Scrap mechanic\dist\ScrapMap-SafeRefresh\ScrapMap.SafeRefresh.exe.WebView2\EBWebView\Default
2026-08-12 13:57:24.114: [INFO] OnDoneLoading sync enabled: 0
2026-08-12 13:57:24.114: [INFO] BookmarkModelLoaded, ids_reassigned: 0
2026-08-12 13:57:24.114: [INFO] BookmarksLoadDropped droppedNodes=0
2026-08-12 13:57:24.114: [INFO] BookmarksSnapshot Startup total=0 bar=0 other=0 mobile=0 showBar=0 showBarNTP=1
2026-08-12 14:13:47.842: [INFO] BookmarksSnapshot Shutdown total=0 bar=0 other=0 mobile=0 showBar=0 showBarNTP=1
